19:32:49 **** Incremental Build of configuration Debug for project adm_c16 ****
make -j12 all 
arm-none-eabi-size   adm_c16.elf 
   text	   data	    bss	    dec	    hex	filename
  12308	     20	   3492	  15820	   3dcc	adm_c16.elf
Finished building: default.size.stdout
 
19:33:19 **** Incremental Build of configuration Debug for project adm_c16 ****
make -j12 all 
arm-none-eabi-size   adm_c16.elf 
   text	   data	    bss	    dec	    hex	filename
  12308	     20	   3492	  15820	   3dcc	adm_c16.elf
Finished building: default.size.stdout
 
