15:42:22 **** Incremental Build of configuration Debug for project adm_c16 ****
make -j12 all 
arm-none-eabi-gcc -mcpu=cortex-m4 -g3 -DDEBUG -c -x assembler-with-cpp -MMD -MP -MF"Core/Src/asm_func.d" -MT"Core/Src/asm_func.o" --specs=nano.specs -mfpu=fpv4-sp-d16 -mfloat-abi=hard -mthumb -o "Core/Src/asm_func.o" "../Core/Src/asm_func.S"
arm-none-eabi-gcc -o "adm_c16.elf" @"objects.list"   -mcpu=cortex-m4 -T"C:\Hans\UBA\Arq Micro\arqMicro\STM32Workspace\adm_c16\STM32F429ZITX_FLASH.ld" --specs=nosys.specs -Wl,-Map="adm_c16.map" -Wl,--gc-sections -static --specs=nano.specs -mfpu=fpv4-sp-d16 -mfloat-abi=hard -mthumb -Wl,--start-group -lc -lm -Wl,--end-group
Finished building target: adm_c16.elf
 
arm-none-eabi-size   adm_c16.elf 
arm-none-eabi-objdump -h -S  adm_c16.elf  > "adm_c16.list"
arm-none-eabi-objcopy  -O binary  adm_c16.elf  "adm_c16.bin"
   text	   data	    bss	    dec	    hex	filename
  13068	     20	   3492	  16580	   40c4	adm_c16.elf
Finished building: default.size.stdout
 
Finished building: adm_c16.bin
 
Finished building: adm_c16.list
 
15:42:25 **** Incremental Build of configuration Debug for project adm_c16 ****
make -j12 all 
arm-none-eabi-size   adm_c16.elf 
   text	   data	    bss	    dec	    hex	filename
  13068	     20	   3492	  16580	   40c4	adm_c16.elf
Finished building: default.size.stdout
 
15:43:11 **** Incremental Build of configuration Debug for project adm_c16 ****
make -j12 all 
arm-none-eabi-size   adm_c16.elf 
   text	   data	    bss	    dec	    hex	filename
  13068	     20	   3492	  16580	   40c4	adm_c16.elf
Finished building: default.size.stdout
 
15:43:35 **** Incremental Build of configuration Debug for project adm_c16 ****
make -j12 all 
arm-none-eabi-size   adm_c16.elf 
   text	   data	    bss	    dec	    hex	filename
  13068	     20	   3492	  16580	   40c4	adm_c16.elf
Finished building: default.size.stdout
 
15:48:17 **** Incremental Build of configuration Debug for project adm_c16 ****
make -j12 all 
arm-none-eabi-gcc "../Core/Src/main.c" -mcpu=cortex-m4 -std=gnu11 -g3 -DDEBUG -DUSE_HAL_DRIVER -DSTM32F429xx -c -I../Core/Inc -I../Drivers/STM32F4xx_HAL_Driver/Inc -I../Drivers/STM32F4xx_HAL_Driver/Inc/Legacy -I../Drivers/CMSIS/Device/ST/STM32F4xx/Include -I../Drivers/CMSIS/Include -O0 -ffunction-sections -fdata-sections -Wall -fstack-usage -MMD -MP -MF"Core/Src/main.d" -MT"Core/Src/main.o" --specs=nano.specs -mfpu=fpv4-sp-d16 -mfloat-abi=hard -mthumb -o "Core/Src/main.o"
arm-none-eabi-gcc -o "adm_c16.elf" @"objects.list"   -mcpu=cortex-m4 -T"C:\Hans\UBA\Arq Micro\arqMicro\STM32Workspace\adm_c16\STM32F429ZITX_FLASH.ld" --specs=nosys.specs -Wl,-Map="adm_c16.map" -Wl,--gc-sections -static --specs=nano.specs -mfpu=fpv4-sp-d16 -mfloat-abi=hard -mthumb -Wl,--start-group -lc -lm -Wl,--end-group
Finished building target: adm_c16.elf
 
arm-none-eabi-size   adm_c16.elf 
arm-none-eabi-objdump -h -S  adm_c16.elf  > "adm_c16.list"
arm-none-eabi-objcopy  -O binary  adm_c16.elf  "adm_c16.bin"
   text	   data	    bss	    dec	    hex	filename
  13168	     20	   3492	  16680	   4128	adm_c16.elf
Finished building: default.size.stdout
 
Finished building: adm_c16.bin
 
Finished building: adm_c16.list
 
15:54:37 **** Incremental Build of configuration Debug for project adm_c16 ****
make -j12 all 
arm-none-eabi-gcc -mcpu=cortex-m4 -g3 -DDEBUG -c -x assembler-with-cpp -MMD -MP -MF"Core/Src/asm_func.d" -MT"Core/Src/asm_func.o" --specs=nano.specs -mfpu=fpv4-sp-d16 -mfloat-abi=hard -mthumb -o "Core/Src/asm_func.o" "../Core/Src/asm_func.S"
arm-none-eabi-gcc -o "adm_c16.elf" @"objects.list"   -mcpu=cortex-m4 -T"C:\Hans\UBA\Arq Micro\arqMicro\STM32Workspace\adm_c16\STM32F429ZITX_FLASH.ld" --specs=nosys.specs -Wl,-Map="adm_c16.map" -Wl,--gc-sections -static --specs=nano.specs -mfpu=fpv4-sp-d16 -mfloat-abi=hard -mthumb -Wl,--start-group -lc -lm -Wl,--end-group
Finished building target: adm_c16.elf
 
arm-none-eabi-size   adm_c16.elf 
arm-none-eabi-objdump -h -S  adm_c16.elf  > "adm_c16.list"
arm-none-eabi-objcopy  -O binary  adm_c16.elf  "adm_c16.bin"
   text	   data	    bss	    dec	    hex	filename
  13168	     20	   3492	  16680	   4128	adm_c16.elf
Finished building: default.size.stdout
 
Finished building: adm_c16.bin
 
Finished building: adm_c16.list
 
15:59:04 **** Incremental Build of configuration Debug for project adm_c16 ****
make -j12 all 
arm-none-eabi-gcc "../Core/Src/main.c" -mcpu=cortex-m4 -std=gnu11 -g3 -DDEBUG -DUSE_HAL_DRIVER -DSTM32F429xx -c -I../Core/Inc -I../Drivers/STM32F4xx_HAL_Driver/Inc -I../Drivers/STM32F4xx_HAL_Driver/Inc/Legacy -I../Drivers/CMSIS/Device/ST/STM32F4xx/Include -I../Drivers/CMSIS/Include -O0 -ffunction-sections -fdata-sections -Wall -fstack-usage -MMD -MP -MF"Core/Src/main.d" -MT"Core/Src/main.o" --specs=nano.specs -mfpu=fpv4-sp-d16 -mfloat-abi=hard -mthumb -o "Core/Src/main.o"
arm-none-eabi-gcc -o "adm_c16.elf" @"objects.list"   -mcpu=cortex-m4 -T"C:\Hans\UBA\Arq Micro\arqMicro\STM32Workspace\adm_c16\STM32F429ZITX_FLASH.ld" --specs=nosys.specs -Wl,-Map="adm_c16.map" -Wl,--gc-sections -static --specs=nano.specs -mfpu=fpv4-sp-d16 -mfloat-abi=hard -mthumb -Wl,--start-group -lc -lm -Wl,--end-group
Finished building target: adm_c16.elf
 
arm-none-eabi-size   adm_c16.elf 
arm-none-eabi-objdump -h -S  adm_c16.elf  > "adm_c16.list"
arm-none-eabi-objcopy  -O binary  adm_c16.elf  "adm_c16.bin"
   text	   data	    bss	    dec	    hex	filename
  13064	     20	   3492	  16576	   40c0	adm_c16.elf
Finished building: default.size.stdout
 
Finished building: adm_c16.bin
 
Finished building: adm_c16.list
 
15:59:29 **** Incremental Build of configuration Debug for project adm_c16 ****
make -j12 all 
arm-none-eabi-size   adm_c16.elf 
   text	   data	    bss	    dec	    hex	filename
  13064	     20	   3492	  16576	   40c0	adm_c16.elf
Finished building: default.size.stdout
 
16:07:48 **** Incremental Build of configuration Debug for project adm_c16 ****
make -j12 all 
arm-none-eabi-gcc -mcpu=cortex-m4 -g3 -DDEBUG -c -x assembler-with-cpp -MMD -MP -MF"Core/Src/asm_func.d" -MT"Core/Src/asm_func.o" --specs=nano.specs -mfpu=fpv4-sp-d16 -mfloat-abi=hard -mthumb -o "Core/Src/asm_func.o" "../Core/Src/asm_func.S"
arm-none-eabi-gcc -o "adm_c16.elf" @"objects.list"   -mcpu=cortex-m4 -T"C:\Hans\UBA\Arq Micro\arqMicro\STM32Workspace\adm_c16\STM32F429ZITX_FLASH.ld" --specs=nosys.specs -Wl,-Map="adm_c16.map" -Wl,--gc-sections -static --specs=nano.specs -mfpu=fpv4-sp-d16 -mfloat-abi=hard -mthumb -Wl,--start-group -lc -lm -Wl,--end-group
Finished building target: adm_c16.elf
 
arm-none-eabi-size   adm_c16.elf 
arm-none-eabi-objdump -h -S  adm_c16.elf  > "adm_c16.list"
arm-none-eabi-objcopy  -O binary  adm_c16.elf  "adm_c16.bin"
   text	   data	    bss	    dec	    hex	filename
  13064	     20	   3492	  16576	   40c0	adm_c16.elf
Finished building: default.size.stdout
 
Finished building: adm_c16.bin
 
Finished building: adm_c16.list
 
16:11:50 **** Incremental Build of configuration Debug for project adm_c16 ****
make -j12 all 
arm-none-eabi-gcc -mcpu=cortex-m4 -g3 -DDEBUG -c -x assembler-with-cpp -MMD -MP -MF"Core/Src/asm_func.d" -MT"Core/Src/asm_func.o" --specs=nano.specs -mfpu=fpv4-sp-d16 -mfloat-abi=hard -mthumb -o "Core/Src/asm_func.o" "../Core/Src/asm_func.S"
arm-none-eabi-gcc -o "adm_c16.elf" @"objects.list"   -mcpu=cortex-m4 -T"C:\Hans\UBA\Arq Micro\arqMicro\STM32Workspace\adm_c16\STM32F429ZITX_FLASH.ld" --specs=nosys.specs -Wl,-Map="adm_c16.map" -Wl,--gc-sections -static --specs=nano.specs -mfpu=fpv4-sp-d16 -mfloat-abi=hard -mthumb -Wl,--start-group -lc -lm -Wl,--end-group
Finished building target: adm_c16.elf
 
arm-none-eabi-size   adm_c16.elf 
arm-none-eabi-objdump -h -S  adm_c16.elf  > "adm_c16.list"
arm-none-eabi-objcopy  -O binary  adm_c16.elf  "adm_c16.bin"
   text	   data	    bss	    dec	    hex	filename
  13064	     20	   3492	  16576	   40c0	adm_c16.elf
Finished building: default.size.stdout
 
Finished building: adm_c16.bin
 
Finished building: adm_c16.list
 
16:16:17 **** Incremental Build of configuration Debug for project adm_c16 ****
make -j12 all 
arm-none-eabi-gcc -mcpu=cortex-m4 -g3 -DDEBUG -c -x assembler-with-cpp -MMD -MP -MF"Core/Src/asm_func.d" -MT"Core/Src/asm_func.o" --specs=nano.specs -mfpu=fpv4-sp-d16 -mfloat-abi=hard -mthumb -o "Core/Src/asm_func.o" "../Core/Src/asm_func.S"
arm-none-eabi-gcc -o "adm_c16.elf" @"objects.list"   -mcpu=cortex-m4 -T"C:\Hans\UBA\Arq Micro\arqMicro\STM32Workspace\adm_c16\STM32F429ZITX_FLASH.ld" --specs=nosys.specs -Wl,-Map="adm_c16.map" -Wl,--gc-sections -static --specs=nano.specs -mfpu=fpv4-sp-d16 -mfloat-abi=hard -mthumb -Wl,--start-group -lc -lm -Wl,--end-group
Finished building target: adm_c16.elf
 
arm-none-eabi-size   adm_c16.elf 
arm-none-eabi-objdump -h -S  adm_c16.elf  > "adm_c16.list"
arm-none-eabi-objcopy  -O binary  adm_c16.elf  "adm_c16.bin"
   text	   data	    bss	    dec	    hex	filename
  13064	     20	   3492	  16576	   40c0	adm_c16.elf
Finished building: default.size.stdout
 
Finished building: adm_c16.bin
 
Finished building: adm_c16.list
 
16:17:53 **** Incremental Build of configuration Debug for project adm_c16 ****
make -j12 all 
arm-none-eabi-size   adm_c16.elf 
   text	   data	    bss	    dec	    hex	filename
  13064	     20	   3492	  16576	   40c0	adm_c16.elf
Finished building: default.size.stdout
 
16:18:11 **** Incremental Build of configuration Debug for project adm_c16 ****
make -j12 all 
arm-none-eabi-size   adm_c16.elf 
   text	   data	    bss	    dec	    hex	filename
  13064	     20	   3492	  16576	   40c0	adm_c16.elf
Finished building: default.size.stdout
 
16:26:09 **** Incremental Build of configuration Debug for project adm_c16 ****
make -j12 all 
arm-none-eabi-gcc -mcpu=cortex-m4 -g3 -DDEBUG -c -x assembler-with-cpp -MMD -MP -MF"Core/Src/asm_func.d" -MT"Core/Src/asm_func.o" --specs=nano.specs -mfpu=fpv4-sp-d16 -mfloat-abi=hard -mthumb -o "Core/Src/asm_func.o" "../Core/Src/asm_func.S"
../Core/Src/asm_func.S: Assembler messages:
../Core/Src/asm_func.S:227: Error: shift expression expected -- `cmp r7,r4,r6'
make: *** [Core/Src/subdir.mk:44: Core/Src/asm_func.o] Error 1
"make -j12 all" terminated with exit code 2. Build might be incomplete.
16:26:17 **** Incremental Build of configuration Debug for project adm_c16 ****
make -j12 all 
arm-none-eabi-gcc -mcpu=cortex-m4 -g3 -DDEBUG -c -x assembler-with-cpp -MMD -MP -MF"Core/Src/asm_func.d" -MT"Core/Src/asm_func.o" --specs=nano.specs -mfpu=fpv4-sp-d16 -mfloat-abi=hard -mthumb -o "Core/Src/asm_func.o" "../Core/Src/asm_func.S"
arm-none-eabi-gcc -o "adm_c16.elf" @"objects.list"   -mcpu=cortex-m4 -T"C:\Hans\UBA\Arq Micro\arqMicro\STM32Workspace\adm_c16\STM32F429ZITX_FLASH.ld" --specs=nosys.specs -Wl,-Map="adm_c16.map" -Wl,--gc-sections -static --specs=nano.specs -mfpu=fpv4-sp-d16 -mfloat-abi=hard -mthumb -Wl,--start-group -lc -lm -Wl,--end-group
Finished building target: adm_c16.elf
 
arm-none-eabi-size   adm_c16.elf 
arm-none-eabi-objdump -h -S  adm_c16.elf  > "adm_c16.list"
arm-none-eabi-objcopy  -O binary  adm_c16.elf  "adm_c16.bin"
   text	   data	    bss	    dec	    hex	filename
  13064	     20	   3492	  16576	   40c0	adm_c16.elf
Finished building: default.size.stdout
 
Finished building: adm_c16.bin
 
Finished building: adm_c16.list
 
16:28:42 **** Incremental Build of configuration Debug for project adm_c16 ****
make -j12 all 
arm-none-eabi-gcc -mcpu=cortex-m4 -g3 -DDEBUG -c -x assembler-with-cpp -MMD -MP -MF"Core/Src/asm_func.d" -MT"Core/Src/asm_func.o" --specs=nano.specs -mfpu=fpv4-sp-d16 -mfloat-abi=hard -mthumb -o "Core/Src/asm_func.o" "../Core/Src/asm_func.S"
arm-none-eabi-gcc -o "adm_c16.elf" @"objects.list"   -mcpu=cortex-m4 -T"C:\Hans\UBA\Arq Micro\arqMicro\STM32Workspace\adm_c16\STM32F429ZITX_FLASH.ld" --specs=nosys.specs -Wl,-Map="adm_c16.map" -Wl,--gc-sections -static --specs=nano.specs -mfpu=fpv4-sp-d16 -mfloat-abi=hard -mthumb -Wl,--start-group -lc -lm -Wl,--end-group
Finished building target: adm_c16.elf
 
arm-none-eabi-size   adm_c16.elf 
arm-none-eabi-objdump -h -S  adm_c16.elf  > "adm_c16.list"
arm-none-eabi-objcopy  -O binary  adm_c16.elf  "adm_c16.bin"
   text	   data	    bss	    dec	    hex	filename
  13064	     20	   3492	  16576	   40c0	adm_c16.elf
Finished building: default.size.stdout
 
Finished building: adm_c16.bin
 
Finished building: adm_c16.list
 
16:29:35 **** Incremental Build of configuration Debug for project adm_c16 ****
make -j12 all 
arm-none-eabi-size   adm_c16.elf 
   text	   data	    bss	    dec	    hex	filename
  13064	     20	   3492	  16576	   40c0	adm_c16.elf
Finished building: default.size.stdout
 
16:35:35 **** Incremental Build of configuration Debug for project adm_c16 ****
make -j12 all 
arm-none-eabi-gcc -mcpu=cortex-m4 -g3 -DDEBUG -c -x assembler-with-cpp -MMD -MP -MF"Core/Src/asm_func.d" -MT"Core/Src/asm_func.o" --specs=nano.specs -mfpu=fpv4-sp-d16 -mfloat-abi=hard -mthumb -o "Core/Src/asm_func.o" "../Core/Src/asm_func.S"
arm-none-eabi-gcc -o "adm_c16.elf" @"objects.list"   -mcpu=cortex-m4 -T"C:\Hans\UBA\Arq Micro\arqMicro\STM32Workspace\adm_c16\STM32F429ZITX_FLASH.ld" --specs=nosys.specs -Wl,-Map="adm_c16.map" -Wl,--gc-sections -static --specs=nano.specs -mfpu=fpv4-sp-d16 -mfloat-abi=hard -mthumb -Wl,--start-group -lc -lm -Wl,--end-group
Finished building target: adm_c16.elf
 
arm-none-eabi-size   adm_c16.elf 
arm-none-eabi-objdump -h -S  adm_c16.elf  > "adm_c16.list"
arm-none-eabi-objcopy  -O binary  adm_c16.elf  "adm_c16.bin"
   text	   data	    bss	    dec	    hex	filename
  13064	     20	   3492	  16576	   40c0	adm_c16.elf
Finished building: default.size.stdout
 
Finished building: adm_c16.bin
 
Finished building: adm_c16.list
 
16:36:03 **** Incremental Build of configuration Debug for project adm_c16 ****
make -j12 all 
arm-none-eabi-size   adm_c16.elf 
   text	   data	    bss	    dec	    hex	filename
  13064	     20	   3492	  16576	   40c0	adm_c16.elf
Finished building: default.size.stdout
 
16:37:26 **** Incremental Build of configuration Debug for project adm_c16 ****
make -j12 all 
arm-none-eabi-gcc -mcpu=cortex-m4 -g3 -DDEBUG -c -x assembler-with-cpp -MMD -MP -MF"Core/Src/asm_func.d" -MT"Core/Src/asm_func.o" --specs=nano.specs -mfpu=fpv4-sp-d16 -mfloat-abi=hard -mthumb -o "Core/Src/asm_func.o" "../Core/Src/asm_func.S"
arm-none-eabi-gcc -o "adm_c16.elf" @"objects.list"   -mcpu=cortex-m4 -T"C:\Hans\UBA\Arq Micro\arqMicro\STM32Workspace\adm_c16\STM32F429ZITX_FLASH.ld" --specs=nosys.specs -Wl,-Map="adm_c16.map" -Wl,--gc-sections -static --specs=nano.specs -mfpu=fpv4-sp-d16 -mfloat-abi=hard -mthumb -Wl,--start-group -lc -lm -Wl,--end-group
Finished building target: adm_c16.elf
 
arm-none-eabi-size   adm_c16.elf 
arm-none-eabi-objdump -h -S  adm_c16.elf  > "adm_c16.list"
arm-none-eabi-objcopy  -O binary  adm_c16.elf  "adm_c16.bin"
   text	   data	    bss	    dec	    hex	filename
  13068	     20	   3492	  16580	   40c4	adm_c16.elf
Finished building: default.size.stdout
 
Finished building: adm_c16.bin
 
Finished building: adm_c16.list
 
16:38:08 **** Incremental Build of configuration Debug for project adm_c16 ****
make -j12 all 
arm-none-eabi-gcc "../Core/Src/main.c" -mcpu=cortex-m4 -std=gnu11 -g3 -DDEBUG -DUSE_HAL_DRIVER -DSTM32F429xx -c -I../Core/Inc -I../Drivers/STM32F4xx_HAL_Driver/Inc -I../Drivers/STM32F4xx_HAL_Driver/Inc/Legacy -I../Drivers/CMSIS/Device/ST/STM32F4xx/Include -I../Drivers/CMSIS/Include -O0 -ffunction-sections -fdata-sections -Wall -fstack-usage -MMD -MP -MF"Core/Src/main.d" -MT"Core/Src/main.o" --specs=nano.specs -mfpu=fpv4-sp-d16 -mfloat-abi=hard -mthumb -o "Core/Src/main.o"
arm-none-eabi-gcc -o "adm_c16.elf" @"objects.list"   -mcpu=cortex-m4 -T"C:\Hans\UBA\Arq Micro\arqMicro\STM32Workspace\adm_c16\STM32F429ZITX_FLASH.ld" --specs=nosys.specs -Wl,-Map="adm_c16.map" -Wl,--gc-sections -static --specs=nano.specs -mfpu=fpv4-sp-d16 -mfloat-abi=hard -mthumb -Wl,--start-group -lc -lm -Wl,--end-group
Finished building target: adm_c16.elf
 
arm-none-eabi-size   adm_c16.elf 
arm-none-eabi-objdump -h -S  adm_c16.elf  > "adm_c16.list"
arm-none-eabi-objcopy  -O binary  adm_c16.elf  "adm_c16.bin"
   text	   data	    bss	    dec	    hex	filename
  13068	     20	   3492	  16580	   40c4	adm_c16.elf
Finished building: default.size.stdout
 
Finished building: adm_c16.bin
 
Finished building: adm_c16.list
 
